{
  "body": "./schemas/base-schema.json",
  "schemaId": "https://schema-examples.com/base",
  "validationLevel": "PARTIAL"
}
