{
  "body": "./schemas/custom-image-links-schema.json",
  "schemaId": "https://schema-examples.com/custom-image-links",
  "validationLevel": "PARTIAL"
}
