{
  "body": "./schemas/enum-schema.json",
  "schemaId": "https://schema-examples.com/enum",
  "validationLevel": "PARTIAL"
}
