{
  "body": "./schemas/image-links-schema.json",
  "schemaId": "https://schema-examples.com/image-links",
  "validationLevel": "PARTIAL"
}
