{
  "body": "./schemas/navigation-link-schema.json",
  "schemaId": "https://schema-examples.com/navigation-link",
  "validationLevel": "PARTIAL"
}
