{
  "body": "./schemas/usp-schema.json",
  "schemaId": "https://schema-examples.com/usp",
  "validationLevel": "PARTIAL"
}
