{
  "contentTypeUri": "https://schema-examples.com/banner-slider-block",
  "status": "ACTIVE",
  "settings": {
    "label": "Banner Slider Block",
    "icons": [
      {
        "size": 256,
        "url": "https://bigcontent.io/cms/icons/ca-types-primitives.png"
      }
    ],
    "visualizations": [],
    "cards": []
  }
}
