{
  "$schema": "http://json-schema.org/draft-07/schema#",
  "$id": "https://schema-examples.com/accordion-block",
  "title": "Accordion Block",
  "description": "A block with alert styling that contains markdown text",
  "type": "object",
  "allOf": [
    {
      "$ref": "http://bigcontent.io/cms/schema/v1/core#/definitions/content"
    }
  ],
  "properties": {
    "title": {
      "title": "Title",
      "description": "Title of the accordion",
      "allOf": [
        {
          "$ref": "http://bigcontent.io/cms/schema/v1/localization#/definitions/localized-string"
        }
      ]
    },
    "items": {
      "title": "Items",
      "type": "array",
      "items": {
        "type": "object",
        "properties": {
          "title": {
            "title": "Title",
            "description": "Title of the accordion item",
            "allOf": [
              {
                "$ref": "http://bigcontent.io/cms/schema/v1/localization#/definitions/localized-string"
              }
            ]
          },
          "content": {
            "title": "Content",
            "allOf": [
              {
                "$ref": "http://bigcontent.io/cms/schema/v1/core#/definitions/localized-value"
              }
            ],
            "properties": {
              "values": {
                "items": {
                  "properties": {
                    "value": {
                      "type": "string",
                      "format": "markdown"
                    }
                  }
                }
              }
            }
          }
        }
      }
    }
  },
  "required": ["title", "items"],
  "propertyOrder": ["title", "items"]
}
