{
  "$id": "https://schema-examples.com/banner-slider-block",
  "$schema": "http://json-schema.org/draft-07/schema#",
  "allOf": [
    {
      "$ref": "http://bigcontent.io/cms/schema/v1/core#/definitions/content"
    }
  ],
  "title": "Banner Slider Block",
  "description": "A slider for banners",
  "type": "object",
  "properties": {
    "items": {
      "title": "Items",
      "type": "array",
      "minItems": 1,
      "items": {
        "allOf": [
          {
            "$ref": "https://schema-examples.com/banner-block"
          }
        ]
      }
    }
  },
  "propertyOrder": ["items"],
  "required": ["items"]
}
