{
  "$schema": "http://json-schema.org/draft-07/schema#",
  "$id": "https://schema-examples.com/custom-image-links",
  "title": "Custom Image Links",
  "description": "Custom Image Links",
  "allOf": [
    {
      "$ref": "http://bigcontent.io/cms/schema/v1/core#/definitions/content"
    }
  ],
  "type": "object",
  "definitions": {
    "custom-image-links": {
      "title": "Custom Image Links",
      "type": "object",
      "properties": {
        "image": {
          "title": "Image",
          "allOf": [
            {
              "$ref": "http://bigcontent.io/cms/schema/v1/localization#/definitions/localized-image"
            }
          ]
        },
        "image2": {
          "allOf": [
            {
              "$ref": "http://bigcontent.io/cms/schema/v1/core#/definitions/image-link"
            }
          ],
          "title": "Image2"
        }
      },
      "required": ["image", "image2"],
      "propertyOrder": ["image", "image2"]
    }
  }
}
